==== Raw AST ====
[[(((((5 + 10) - "test") - (-12)) + 2) - ((3839 * 20) * 30))]]

==== Resolved AST ====
[[(((((5 + 10) - "test") - (-12)) + 2) - ((3839 * 20) * 30))]]

==== Diagnostics ====

==== Done ====
