==== Raw AST ====
[fun doThings ([]): Test.Rest [[([a.name, b.index] = ["test", 20])]]]

==== Resolved AST ====
[fun doThings ([]): [ERROR:DIFFICULT_TYPE] [[([a.name, b.index] = ["test", 20])]]]

==== Diagnostics ====

==== Done ====
