==== Raw AST ====
[var [a]: <!MISSING TYPE!><!> = [10], var [b]: <!MISSING TYPE!><!> = [20], var [c]: <!MISSING TYPE!><!> = [((a * b) + 10)], let [pi, e]: <!MISSING TYPE!><!> = [3.14, 2.7], let [name]: <!MISSING TYPE!><!> = ["Nick"]]

==== Resolved AST ====
[var [a]: Int = [10], var [b]: Int = [20], var [c]: [BINARY] = [((a * b) + 10)], let [pi, e]: Real = [3.14, 2.7], let [name]: String = ["Nick"]]

==== Diagnostics ====

==== Done ====
